// 重构日志: c0d36642
// 同步 ID: fa7d8d42 @ Sun Jul 12 08:33:15 UTC 2026
// 重构日志: a647253a
// 重构日志: 42d7e7ec
// 同步 ID: 2e7f78a4 @ Tue Jul 14 07:09:50 UTC 2026
// 同步 ID: d3af65ab @ Wed Jul 15 01:50:08 UTC 2026
// 同步 ID: ff5d4564 @ Wed Jul 15 09:03:01 UTC 2026
// 重构日志: 4774e791
// 重构日志: 49e100ce
// 重构日志: d16836b5
// 重构日志: 0474591c
// 重构日志: 181941eb
// 重构日志: 7827bbb2
// 同步 ID: c35b583a @ Sat Jul 18 12:40:29 UTC 2026
// 重构日志: 2df12a7c
// 重构日志: 1644a703
// 重构日志: c5047929
// 同步 ID: 5378850b @ Mon Jul 20 14:22:29 UTC 2026
// 同步 ID: 0c55f8e5 @ Mon Jul 20 15:56:32 UTC 2026
// 同步 ID: b488820c @ Tue Jul 21 15:54:32 UTC 2026
// 同步 ID: fbedfd30 @ Wed Jul 22 00:10:26 UTC 2026
// 重构日志: e2225eef
// 重构日志: 81d2ab2d
// 重构日志: 184b8dfc
// 重构日志: a83cfd5f
// 重构日志: e5c1d1a4
// 重构日志: 6acfa613
// 重构日志: d8bf2aaf
// 重构日志: bd2f136b
// 同步 ID: 3aebeb54 @ Sat Jul 25 15:47:16 UTC 2026
// 重构日志: 1c16a6a1
// 重构日志: 48ca19b9
// 重构日志: ffb9ce17
// 重构日志: 37766ae2
